// Jest Snapshot v1, https://goo.gl/fbAQLP

exports[`<SignUp /> calls the mutation and notifies the user of successful account creation properly 1`] = `
<div>
  <p
    class="SignUp__AccountCreatedNotificationStyles-sc-1yuwtdx-0 eoxVZf"
  >
    Account created for 
    Delmer.Smith@yahoo.com
    ! 
    <br />
    Please go ahead and Sign In!
  </p>
</div>
`;

exports[`<SignUp /> renders and matches snapshot 1`] = `
<div>
  <form
    class="Form-sc-1xszr8q-0 hVEEdl"
    method="POST"
  >
    <h2>
      Sign Up for an Account
    </h2>
    <fieldset>
      <label
        for="name"
      >
        Your Name
        <input
          autocomplete="name"
          id="name"
          name="name"
          placeholder="Your Name"
          type="text"
          value=""
        />
      </label>
      <label
        for="email"
      >
        Email
        <input
          autocomplete="email"
          id="email"
          name="email"
          placeholder="Your email address"
          type="email"
          value=""
        />
      </label>
      <label
        for="password"
      >
        Password
        <input
          autocomplete="current-password"
          id="password"
          name="password"
          placeholder="Password"
          type="password"
          value=""
        />
      </label>
      <button
        type="submit"
      >
        Sign Up
      </button>
    </fieldset>
  </form>
</div>
`;
